2025-12-31 12:00:00 INFO Monitoring active
2025-12-31 12:00:01 WARNING Memory usage high
2025-12-31 12:00:02 INFO User login success
2025-12-31 12:00:03 INFO Task completed
2025-12-31 12:00:04 WARNING CPU usage high
2025-12-31 12:00:05 INFO Task completed
2025-12-31 12:00:06 WARNING CPU usage high
2025-12-31 12:00:07 ERROR Disk failure
2025-12-31 12:00:08 WARNING Memory usage high
2025-12-31 12:00:09 WARNING CPU usage high
2025-12-31 12:00:10 WARNING Memory usage high
2025-12-31 12:00:11 ERROR Service crash
2025-12-31 12:00:12 ERROR API timeout
2025-12-31 12:00:13 ERROR API timeout
2025-12-31 12:00:14 ERROR API timeout
2025-12-31 12:00:15 INFO User login success
2025-12-31 12:00:16 INFO Monitoring active
2025-12-31 12:00:17 ERROR Unauthorized access
2025-12-31 12:00:18 INFO System initialized
2025-12-31 12:00:19 INFO System initialized
2025-12-31 12:00:20 ERROR API timeout
2025-12-31 12:00:21 WARNING Suspicious activity
2025-12-31 12:00:22 WARNING Memory usage high
2025-12-31 12:00:23 ERROR API timeout
2025-12-31 12:00:24 WARNING Network latency high
2025-12-31 12:00:25 INFO Monitoring active
2025-12-31 12:00:26 INFO Service running
2025-12-31 12:00:27 ERROR Database connection failed
2025-12-31 12:00:28 INFO Service running
2025-12-31 12:00:29 ERROR Unauthorized access
2025-12-31 12:00:30 ERROR Disk failure
2025-12-31 12:00:31 ERROR Unauthorized access
2025-12-31 12:00:32 ERROR Disk failure
2025-12-31 12:00:33 INFO Service running
2025-12-31 12:00:34 ERROR Disk failure
2025-12-31 12:00:35 ERROR Disk failure
2025-12-31 12:00:36 ERROR Disk failure
2025-12-31 12:00:37 INFO Monitoring active
2025-12-31 12:00:38 WARNING Memory usage high
2025-12-31 12:00:39 INFO Task completed
2025-12-31 12:00:40 ERROR API timeout
2025-12-31 12:00:41 INFO Task completed
2025-12-31 12:00:42 WARNING Suspicious activity
2025-12-31 12:00:43 ERROR API timeout
2025-12-31 12:00:44 ERROR API timeout
2025-12-31 12:00:45 WARNING Memory usage high
2025-12-31 12:00:46 WARNING Suspicious activity
2025-12-31 12:00:47 INFO System initialized
2025-12-31 12:00:48 WARNING Network latency high
2025-12-31 12:00:49 WARNING Suspicious activity
2025-12-31 12:00:50 INFO Service running
2025-12-31 12:00:51 ERROR Service crash
2025-12-31 12:00:52 INFO User login success
2025-12-31 12:00:53 INFO System initialized
2025-12-31 12:00:54 WARNING Suspicious activity
2025-12-31 12:00:55 ERROR Unauthorized access
2025-12-31 12:00:56 WARNING CPU usage high
2025-12-31 12:00:57 WARNING Suspicious activity
2025-12-31 12:00:58 INFO System initialized
2025-12-31 12:00:59 WARNING Memory usage high
2025-12-31 12:01:00 ERROR Database connection failed
2025-12-31 12:01:01 ERROR Service crash
2025-12-31 12:01:02 WARNING CPU usage high
2025-12-31 12:01:03 ERROR API timeout
2025-12-31 12:01:04 INFO Service running
2025-12-31 12:01:05 ERROR API timeout
2025-12-31 12:01:06 ERROR API timeout
2025-12-31 12:01:07 INFO Task completed
2025-12-31 12:01:08 ERROR Service crash
2025-12-31 12:01:09 WARNING CPU usage high
2025-12-31 12:01:10 INFO User login success
2025-12-31 12:01:11 ERROR Database connection failed
2025-12-31 12:01:12 INFO Monitoring active
2025-12-31 12:01:13 ERROR API timeout
2025-12-31 12:01:14 ERROR Service crash
2025-12-31 12:01:15 ERROR Service crash
2025-12-31 12:01:16 WARNING Suspicious activity
2025-12-31 12:01:17 WARNING Disk nearly full
2025-12-31 12:01:18 WARNING Network latency high
2025-12-31 12:01:19 INFO Task completed
2025-12-31 12:01:20 INFO User login success
2025-12-31 12:01:21 INFO User login success
2025-12-31 12:01:22 ERROR API timeout
2025-12-31 12:01:23 INFO Monitoring active
2025-12-31 12:01:24 WARNING Network latency high
2025-12-31 12:01:25 WARNING Disk nearly full
2025-12-31 12:01:26 INFO Monitoring active
2025-12-31 12:01:27 ERROR Service crash
2025-12-31 12:01:28 ERROR Service crash
2025-12-31 12:01:29 INFO Task completed
2025-12-31 12:01:30 ERROR Database connection failed
2025-12-31 12:01:31 WARNING CPU usage high
2025-12-31 12:01:32 WARNING Memory usage high
2025-12-31 12:01:33 ERROR API timeout
2025-12-31 12:01:34 WARNING Network latency high
2025-12-31 12:01:35 WARNING Disk nearly full
2025-12-31 12:01:36 INFO System initialized
2025-12-31 12:01:37 INFO Monitoring active
2025-12-31 12:01:38 INFO User login success
2025-12-31 12:01:39 INFO Service running
2025-12-31 12:01:40 ERROR API timeout
2025-12-31 12:01:41 INFO Task completed
2025-12-31 12:01:42 WARNING Disk nearly full
2025-12-31 12:01:43 WARNING Network latency high
2025-12-31 12:01:44 WARNING Disk nearly full
2025-12-31 12:01:45 ERROR API timeout
2025-12-31 12:01:46 ERROR Service crash
2025-12-31 12:01:47 ERROR Service crash
2025-12-31 12:01:48 INFO System initialized
2025-12-31 12:01:49 INFO User login success
2025-12-31 12:01:50 INFO User login success
2025-12-31 12:01:51 WARNING CPU usage high
2025-12-31 12:01:52 ERROR API timeout
2025-12-31 12:01:53 WARNING Memory usage high
2025-12-31 12:01:54 WARNING Disk nearly full
2025-12-31 12:01:55 WARNING Suspicious activity
2025-12-31 12:01:56 INFO Task completed
2025-12-31 12:01:57 INFO User login success
2025-12-31 12:01:58 INFO Task completed
2025-12-31 12:01:59 ERROR Disk failure
2025-12-31 12:02:00 ERROR API timeout
2025-12-31 12:02:01 WARNING Suspicious activity
2025-12-31 12:02:02 WARNING Network latency high
2025-12-31 12:02:03 WARNING Disk nearly full
2025-12-31 12:02:04 WARNING Memory usage high
2025-12-31 12:02:05 ERROR API timeout
2025-12-31 12:02:06 WARNING Suspicious activity
2025-12-31 12:02:07 WARNING Network latency high
2025-12-31 12:02:08 INFO Task completed
2025-12-31 12:02:09 ERROR Disk failure
2025-12-31 12:02:10 ERROR Service crash
2025-12-31 12:02:11 ERROR API timeout
2025-12-31 12:02:12 ERROR API timeout
2025-12-31 12:02:13 ERROR Disk failure
2025-12-31 12:02:14 INFO Task completed
2025-12-31 12:02:15 ERROR API timeout
2025-12-31 12:02:16 INFO Service running
2025-12-31 12:02:17 ERROR Database connection failed
2025-12-31 12:02:18 ERROR Service crash
2025-12-31 12:02:19 WARNING Network latency high
2025-12-31 12:02:20 ERROR API timeout
2025-12-31 12:02:21 WARNING Suspicious activity
2025-12-31 12:02:22 INFO Task completed
2025-12-31 12:02:23 INFO Monitoring active
2025-12-31 12:02:24 ERROR Database connection failed
2025-12-31 12:02:25 WARNING Suspicious activity
2025-12-31 12:02:26 ERROR Unauthorized access
2025-12-31 12:02:27 INFO User login success
2025-12-31 12:02:28 WARNING Memory usage high
2025-12-31 12:02:29 WARNING CPU usage high
2025-12-31 12:02:30 ERROR Disk failure
2025-12-31 12:02:31 WARNING Disk nearly full
2025-12-31 12:02:32 ERROR API timeout
2025-12-31 12:02:33 WARNING Disk nearly full
2025-12-31 12:02:34 INFO Service running
2025-12-31 12:02:35 INFO Task completed
2025-12-31 12:02:36 WARNING Network latency high
2025-12-31 12:02:37 WARNING Memory usage high
2025-12-31 12:02:38 ERROR API timeout
2025-12-31 12:02:39 WARNING Disk nearly full
2025-12-31 12:02:40 WARNING Disk nearly full
2025-12-31 12:02:41 INFO Service running
2025-12-31 12:02:42 INFO Monitoring active
2025-12-31 12:02:43 WARNING Memory usage high
2025-12-31 12:02:44 INFO System initialized
2025-12-31 12:02:45 ERROR Unauthorized access
2025-12-31 12:02:46 INFO Task completed
2025-12-31 12:02:47 WARNING CPU usage high
2025-12-31 12:02:48 INFO Service running
2025-12-31 12:02:49 INFO System initialized
2025-12-31 12:02:50 ERROR API timeout
2025-12-31 12:02:51 INFO Service running
2025-12-31 12:02:52 WARNING CPU usage high
2025-12-31 12:02:53 ERROR Disk failure
2025-12-31 12:02:54 INFO Monitoring active
2025-12-31 12:02:55 WARNING CPU usage high
2025-12-31 12:02:56 INFO User login success
2025-12-31 12:02:57 ERROR Unauthorized access
2025-12-31 12:02:58 ERROR Unauthorized access
2025-12-31 12:02:59 ERROR API timeout
2025-12-31 12:03:00 ERROR Disk failure
2025-12-31 12:03:01 INFO Task completed
2025-12-31 12:03:02 INFO Service running
2025-12-31 12:03:03 INFO Service running
2025-12-31 12:03:04 ERROR Service crash
2025-12-31 12:03:05 ERROR API timeout
2025-12-31 12:03:06 INFO Task completed
2025-12-31 12:03:07 ERROR Database connection failed
2025-12-31 12:03:08 WARNING Network latency high
2025-12-31 12:03:09 INFO User login success
2025-12-31 12:03:10 INFO System initialized
2025-12-31 12:03:11 ERROR API timeout
2025-12-31 12:03:12 INFO User login success
2025-12-31 12:03:13 WARNING Suspicious activity
2025-12-31 12:03:14 INFO System initialized
2025-12-31 12:03:15 ERROR Database connection failed
2025-12-31 12:03:16 INFO Service running
2025-12-31 12:03:17 INFO Service running
2025-12-31 12:03:18 ERROR Unauthorized access
2025-12-31 12:03:19 ERROR Unauthorized access
2025-12-31 12:03:20 INFO Service running
2025-12-31 12:03:21 WARNING Disk nearly full
2025-12-31 12:03:22 WARNING Suspicious activity
2025-12-31 12:03:23 INFO System initialized
2025-12-31 12:03:24 ERROR API timeout
2025-12-31 12:03:25 ERROR Service crash
2025-12-31 12:03:26 INFO User login success
2025-12-31 12:03:27 WARNING Memory usage high
2025-12-31 12:03:28 ERROR API timeout
2025-12-31 12:03:29 ERROR Disk failure
2025-12-31 12:03:30 ERROR Disk failure
2025-12-31 12:03:31 WARNING Disk nearly full
2025-12-31 12:03:32 ERROR Unauthorized access
2025-12-31 12:03:33 INFO User login success
2025-12-31 12:03:34 WARNING Suspicious activity
2025-12-31 12:03:35 WARNING Suspicious activity
2025-12-31 12:03:36 WARNING Disk nearly full
2025-12-31 12:03:37 INFO System initialized
2025-12-31 12:03:38 ERROR API timeout
2025-12-31 12:03:39 INFO Monitoring active
2025-12-31 12:03:40 ERROR Database connection failed
2025-12-31 12:03:41 INFO Monitoring active
2025-12-31 12:03:42 INFO Service running
2025-12-31 12:03:43 INFO Service running
2025-12-31 12:03:44 WARNING CPU usage high
2025-12-31 12:03:45 INFO User login success
2025-12-31 12:03:46 INFO Service running
2025-12-31 12:03:47 INFO Task completed
2025-12-31 12:03:48 WARNING Suspicious activity
2025-12-31 12:03:49 INFO Task completed
2025-12-31 12:03:50 WARNING CPU usage high
2025-12-31 12:03:51 ERROR Unauthorized access
2025-12-31 12:03:52 WARNING Memory usage high
2025-12-31 12:03:53 ERROR Disk failure
2025-12-31 12:03:54 WARNING Network latency high
2025-12-31 12:03:55 INFO Task completed
2025-12-31 12:03:56 INFO Monitoring active
2025-12-31 12:03:57 WARNING Memory usage high
2025-12-31 12:03:58 WARNING Disk nearly full
2025-12-31 12:03:59 ERROR Service crash
2025-12-31 12:04:00 WARNING Memory usage high
2025-12-31 12:04:01 ERROR Unauthorized access
2025-12-31 12:04:02 WARNING Disk nearly full
2025-12-31 12:04:03 WARNING Memory usage high
2025-12-31 12:04:04 INFO Monitoring active
2025-12-31 12:04:05 ERROR Database connection failed
2025-12-31 12:04:06 WARNING CPU usage high
2025-12-31 12:04:07 WARNING Network latency high
2025-12-31 12:04:08 INFO System initialized
2025-12-31 12:04:09 WARNING Network latency high
2025-12-31 12:04:10 WARNING Memory usage high
2025-12-31 12:04:11 ERROR Unauthorized access
2025-12-31 12:04:12 INFO Service running
2025-12-31 12:04:13 INFO Task completed
2025-12-31 12:04:14 WARNING Disk nearly full
2025-12-31 12:04:15 WARNING Network latency high
2025-12-31 12:04:16 WARNING Suspicious activity
2025-12-31 12:04:17 INFO Monitoring active
2025-12-31 12:04:18 INFO Service running
2025-12-31 12:04:19 INFO User login success
2025-12-31 12:04:20 INFO Task completed
2025-12-31 12:04:21 ERROR API timeout
2025-12-31 12:04:22 WARNING Network latency high
2025-12-31 12:04:23 WARNING Disk nearly full
2025-12-31 12:04:24 INFO Service running
2025-12-31 12:04:25 INFO System initialized
2025-12-31 12:04:26 INFO Task completed
2025-12-31 12:04:27 WARNING CPU usage high
2025-12-31 12:04:28 ERROR Database connection failed
2025-12-31 12:04:29 WARNING Memory usage high
2025-12-31 12:04:30 INFO System initialized
2025-12-31 12:04:31 WARNING Memory usage high
2025-12-31 12:04:32 ERROR Database connection failed
2025-12-31 12:04:33 WARNING Disk nearly full
2025-12-31 12:04:34 WARNING CPU usage high
2025-12-31 12:04:35 ERROR Database connection failed
2025-12-31 12:04:36 WARNING Disk nearly full
2025-12-31 12:04:37 WARNING CPU usage high
2025-12-31 12:04:38 ERROR API timeout
2025-12-31 12:04:39 WARNING CPU usage high
2025-12-31 12:04:40 WARNING Memory usage high
2025-12-31 12:04:41 WARNING Memory usage high
2025-12-31 12:04:42 WARNING Memory usage high
2025-12-31 12:04:43 ERROR API timeout
2025-12-31 12:04:44 ERROR Database connection failed
2025-12-31 12:04:45 ERROR API timeout
2025-12-31 12:04:46 INFO Task completed
2025-12-31 12:04:47 ERROR Database connection failed
2025-12-31 12:04:48 ERROR API timeout
2025-12-31 12:04:49 ERROR Service crash
2025-12-31 12:04:50 INFO User login success
2025-12-31 12:04:51 WARNING Disk nearly full
2025-12-31 12:04:52 WARNING Network latency high
2025-12-31 12:04:53 ERROR Disk failure
2025-12-31 12:04:54 INFO System initialized
2025-12-31 12:04:55 ERROR Disk failure
2025-12-31 12:04:56 INFO Monitoring active
2025-12-31 12:04:57 WARNING Network latency high
2025-12-31 12:04:58 INFO Service running
2025-12-31 12:04:59 ERROR Unauthorized access