2025-12-31 10:00:01 ERROR Database connection failed
2025-12-31 10:00:02 ERROR API timeout occurred
2025-12-31 10:00:03 INFO User login successful
2025-12-31 10:00:04 ERROR File not found
2025-12-31 10:00:05 ERROR Disk read failure
2025-12-31 10:00:06 WARNING High CPU usage detected
2025-12-31 10:00:07 ERROR Unauthorized access attempt
2025-12-31 10:00:08 ERROR Memory overflow detected
2025-12-31 10:00:09 ERROR Network unreachable
2025-12-31 10:00:10 ERROR Service unavailable

2025-12-31 10:00:11 ERROR Cache corruption detected
2025-12-31 10:00:12 ERROR Data sync failure
2025-12-31 10:00:13 ERROR Login authentication failed
2025-12-31 10:00:14 ERROR Backup process failed
2025-12-31 10:00:15 ERROR Permission denied
2025-12-31 10:00:16 ERROR Server overload detected
2025-12-31 10:00:17 WARNING Disk usage at 90%
2025-12-31 10:00:18 ERROR Query execution failed
2025-12-31 10:00:19 ERROR Session expired unexpectedly
2025-12-31 10:00:20 ERROR SSL handshake error

2025-12-31 10:00:21 ERROR Transaction rollback failed
2025-12-31 10:00:22 ERROR Resource allocation failure
2025-12-31 10:00:23 ERROR Internal server error
2025-12-31 10:00:24 ERROR Load balancer failure
2025-12-31 10:00:25 ERROR Timeout while reading response
2025-12-31 10:00:26 ERROR Application crash detected
2025-12-31 10:00:27 ERROR Kernel panic triggered
2025-12-31 10:00:28 ERROR DNS resolution failed
2025-12-31 10:00:29 ERROR Encryption failure
2025-12-31 10:00:30 INFO System initialized

2025-12-31 10:00:31 ERROR Database deadlock detected
2025-12-31 10:00:32 ERROR File upload failed
2025-12-31 10:00:33 ERROR Connection reset by peer
2025-12-31 10:00:34 ERROR Invalid input format
2025-12-31 10:00:35 ERROR Missing configuration file
2025-12-31 10:00:36 ERROR Module load failure
2025-12-31 10:00:37 ERROR System crash detected
2025-12-31 10:00:38 WARNING Memory usage high
2025-12-31 10:00:39 ERROR Network packet loss
2025-12-31 10:00:40 ERROR Process termination failed

2025-12-31 10:00:41 ERROR User authentication failed
2025-12-31 10:00:42 ERROR Backup corruption detected
2025-12-31 10:00:43 ERROR Storage device failure
2025-12-31 10:00:44 ERROR Write permission denied
2025-12-31 10:00:45 ERROR Read timeout error
2025-12-31 10:00:46 ERROR API endpoint failure
2025-12-31 10:00:47 ERROR Thread deadlock detected
2025-12-31 10:00:48 ERROR Data inconsistency found
2025-12-31 10:00:49 ERROR Service crash loop
2025-12-31 10:00:50 INFO User logged out

2025-12-31 10:00:51 ERROR Configuration error
2025-12-31 10:00:52 ERROR Cache miss error
2025-12-31 10:00:53 ERROR Routing failure detected
2025-12-31 10:00:54 ERROR Invalid credentials
2025-12-31 10:00:55 ERROR File system error
2025-12-31 10:00:56 ERROR Disk write failure
2025-12-31 10:00:57 ERROR Resource exhaustion
2025-12-31 10:00:58 ERROR Server response error
2025-12-31 10:00:59 ERROR Session validation failed
2025-12-31 10:01:00 WARNING Network latency high

2025-12-31 10:01:01 ERROR Cloud sync failure
2025-12-31 10:01:02 ERROR API gateway failure
2025-12-31 10:01:03 ERROR Database timeout
2025-12-31 10:01:04 ERROR Storage overflow detected
2025-12-31 10:01:05 ERROR Authentication token expired
2025-12-31 10:01:06 ERROR Data parsing error
2025-12-31 10:01:07 ERROR Queue processing failed
2025-12-31 10:01:08 ERROR Security breach detected
2025-12-31 10:01:09 ERROR Firewall rule mismatch
2025-12-31 10:01:10 INFO System monitoring active

2025-12-31 10:01:11 ERROR Service timeout error
2025-12-31 10:01:12 ERROR Task scheduler failure
2025-12-31 10:01:13 ERROR Event trigger failed
2025-12-31 10:01:14 ERROR File corruption detected
2025-12-31 10:01:15 ERROR Process crash detected
2025-12-31 10:01:16 ERROR Database replication error
2025-12-31 10:01:17 ERROR Backup restore failed
2025-12-31 10:01:18 ERROR Encryption key missing
2025-12-31 10:01:19 ERROR Network interface down
2025-12-31 10:01:20 WARNING Suspicious activity detected

2025-12-31 10:01:21 ERROR Server configuration error
2025-12-31 10:01:22 ERROR System overload condition
2025-12-31 10:01:23 ERROR Cache overflow detected
2025-12-31 10:01:24 ERROR API version mismatch
2025-12-31 10:01:25 ERROR Resource lock failure
2025-12-31 10:01:26 ERROR Thread synchronization error
2025-12-31 10:01:27 ERROR Logging system failure
2025-12-31 10:01:28 ERROR Unknown exception occurred
2025-12-31 10:01:29 ERROR Critical system fault
2025-12-31 10:01:30 INFO System shutdown initiated