2026-02-04 10:00:01 INFO Server started successfully
2026-02-04 10:01:12 INFO User admin logged in from 192.168.1.10
2026-02-04 10:02:05 INFO Database connection established
2026-02-04 10:03:44 INFO Health check passed
2026-02-04 10:04:11 WARNING High memory usage detected
2026-02-04 10:05:00 INFO Memory usage normalized
2026-02-04 10:06:32 INFO API request processed
2026-02-04 10:07:48 INFO API request processed
2026-02-04 10:08:55 INFO API request processed
2026-02-04 10:09:13 WARNING Slow response detected
2026-02-04 10:10:01 INFO Response time recovered

2026-02-04 10:11:17 INFO User john logged in from 10.0.0.5
2026-02-04 10:12:22 INFO File upload successful
2026-02-04 10:13:30 INFO File processing completed
2026-02-04 10:14:41 INFO Scheduled job executed
2026-02-04 10:15:09 INFO API request processed
2026-02-04 10:16:50 INFO API request processed
2026-02-04 10:17:33 INFO API request processed
2026-02-04 10:18:20 INFO User john logged out
2026-02-04 10:19:59 INFO Health check passed

2026-02-04 10:20:12 WARNING Disk usage reached 75%
2026-02-04 10:21:18 INFO Disk cleanup initiated
2026-02-04 10:22:45 INFO Disk usage reduced to safe level
2026-02-04 10:23:30 INFO API request processed
2026-02-04 10:24:05 INFO API request processed
2026-02-04 10:25:49 INFO API request processed
2026-02-04 10:26:31 INFO API request processed
2026-02-04 10:27:58 INFO Scheduled backup completed
2026-02-04 10:28:44 INFO Backup verified
2026-02-04 10:29:10 INFO Health check passed

2026-02-04 10:30:22 ERROR Failed
