2025-12-31 07:00:01 INFO User 101 logged in
2025-12-31 07:00:05 INFO User 102 logged in
2025-12-31 07:00:10 WARNING CPU usage at 75%
2025-12-31 07:00:15 INFO User 103 accessed dashboard
2025-12-31 07:00:20 ERROR Failed to connect to database
2025-12-31 07:00:25 INFO Backup started
2025-12-31 07:00:30 WARNING Disk usage at 85%
2025-12-31 07:00:35 INFO Backup completed
2025-12-31 07:00:40 ERROR File read permission denied
2025-12-31 07:00:45 INFO User 104 uploaded report.csv

2025-12-31 07:01:01 INFO User 105 logged in
2025-12-31 07:01:05 WARNING Memory usage at 70%
2025-12-31 07:01:10 INFO User 105 requested analytics
2025-12-31 07:01:15 ERROR API request timeout
2025-12-31 07:01:20 INFO User 105 logged out
2025-12-31 07:01:25 INFO System scan initiated
2025-12-31 07:01:30 WARNING High network latency
2025-12-31 07:01:35 INFO Scan completed
2025-12-31 07:01:40 ERROR Failed to fetch logs
2025-12-31 07:01:45 INFO User 106 logged in

2025-12-31 07:02:01 INFO User 107 logged in
2025-12-31 07:02:05 WARNING Disk space low
2025-12-31 07:02:10 INFO User 107 uploaded file.txt
2025-12-31 07:02:15 ERROR Unauthorized access attempt
2025-12-31 07:02:20 INFO System monitoring active
2025-12-31 07:02:25 INFO Cache cleared
2025-12-31 07:02:30 WARNING High CPU temperature
2025-12-31 07:02:35 INFO Service restarted
2025-12-31 07:02:40 ERROR Service crash detected
2025-12-31 07:02:45 INFO Recovery process started

2025-12-31 07:03:01 INFO Recovery successful
2025-12-31 07:03:05 WARNING Suspicious login detected
2025-12-31 07:03:10 INFO User 108 logged in
2025-12-31 07:03:15 ERROR Password validation failed
2025-12-31 07:03:20 INFO User 108 logged out
2025-12-31 07:03:25 INFO Data sync started
2025-12-31 07:03:30 WARNING Sync delay detected
2025-12-31 07:03:35 INFO Data sync completed
2025-12-31 07:03:40 ERROR Database lock timeout
2025-12-31 07:03:45 INFO User 109 logged in

2025-12-31 07:04:01 INFO User 109 viewed logs
2025-12-31 07:04:05 WARNING High memory allocation
2025-12-31 07:04:10 INFO Log export initiated
2025-12-31 07:04:15 ERROR Export failed
2025-12-31 07:04:20 INFO Retry export
2025-12-31 07:04:25 INFO Export successful
2025-12-31 07:04:30 WARNING Network unstable
2025-12-31 07:04:35 INFO System stable
2025-12-31 07:04:40 ERROR Connection dropped
2025-12-31 07:04:45 INFO Reconnected

2025-12-31 07:05:01 INFO User 110 logged in
2025-12-31 07:05:05 WARNING CPU spike detected
2025-12-31 07:05:10 INFO Job scheduled
2025-12-31 07:05:15 ERROR Job execution failed
2025-12-31 07:05:20 INFO Job retried
2025-12-31 07:05:25 INFO Job completed
2025-12-31 07:05:30 WARNING Disk nearing capacity
2025-12-31 07:05:35 INFO Cleanup started
2025-12-31 07:05:40 ERROR Cleanup failed
2025-12-31 07:05:45 INFO Cleanup completed

2025-12-31 07:06:01 INFO System idle
2025-12-31 07:06:05 WARNING Low bandwidth
2025-12-31 07:06:10 INFO Data received
2025-12-31 07:06:15 ERROR Packet loss detected
2025-12-31 07:06:20 INFO Data resend
2025-12-31 07:06:25 INFO Transmission complete
2025-12-31 07:06:30 WARNING Unusual traffic spike
2025-12-31 07:06:35 INFO Monitoring continues
2025-12-31 07:06:40 ERROR Security alert triggered
2025-12-31 07:06:45 INFO Alert resolved

2025-12-31 07:07:01 INFO User 111 logged in
2025-12-31 07:07:05 WARNING Session timeout approaching
2025-12-31 07:07:10 INFO Session extended
2025-12-31 07:07:15 ERROR Session expired unexpectedly
2025-12-31 07:07:20 INFO User re-authenticated
2025-12-31 07:07:25 INFO Dashboard refreshed
2025-12-31 07:07:30 WARNING High API load
2025-12-31 07:07:35 INFO Load balanced
2025-12-31 07:07:40 ERROR API failure
2025-12-31 07:07:45 INFO API restored

2025-12-31 07:08:01 INFO User 112 logged in
2025-12-31 07:08:05 WARNING Weak password detected
2025-12-31 07:08:10 INFO Password updated
2025-12-31 07:08:15 ERROR Encryption failure
2025-12-31 07:08:20 INFO Encryption fixed
2025-12-31 07:08:25 INFO Secure connection established
2025-12-31 07:08:30 WARNING Certificate expiring soon
2025-12-31 07:08:35 INFO Certificate renewed
2025-12-31 07:08:40 ERROR SSL handshake failed
2025-12-31 07:08:45 INFO SSL reconnected